==================== ENV ====================
/scratch/tt3124/ComparisionPDI/.venv/bin/python
Python 3.9.18
torch: 2.2.0+cu121
cuda: True
gpu: NVIDIA L4
==================== RUN ====================
Tag:      do03
Variant:  late_crossattn
Args:     --dropout 0.3
=============================================
[seeds] Seed set to 42
[BindingDBKiDataset] Loading dataset/BindingDB/BindingDB_PDSPKi.tsv …
[BindingDBKiDataset] 27715 raw rows → 21382 valid rows (6333 dropped)
[train.py] Split 'random': train=17,105 | val=2,138 | test=2,139
[train.py] LateCrossAttnDTI: 1,432,065 trainable parameters

────────────────────────────────────────────────────────────
  Variant : late_crossattn
  Device  : cuda  (1 GPU(s) active)
  Split   : random  |  Seed: 42
  Params  : 1,432,065
────────────────────────────────────────────────────────────
Ep   1/30 | loss=23.1476 | val_mse=2.5314 | ci=0.5835 | r=0.2479 | lr=6.67e-05 | 166.0s
Ep   2/30 | loss=2.1528 | val_mse=2.1011 | ci=0.5967 | r=0.2988 | lr=9.99e-05 | 161.1s
Ep   3/30 | loss=2.0338 | val_mse=1.9593 | ci=0.6109 | r=0.3352 | lr=9.93e-05 | 161.1s
Ep   4/30 | loss=2.0150 | val_mse=2.9990 | ci=0.6246 | r=0.3706 | lr=9.81e-05 | 161.0s
Ep   5/30 | loss=1.9439 | val_mse=2.3760 | ci=0.6268 | r=0.3771 | lr=9.63e-05 | 161.0s
Ep   6/30 | loss=1.9249 | val_mse=2.2874 | ci=0.6351 | r=0.3934 | lr=9.40e-05 | 161.1s
Ep   7/30 | loss=1.8842 | val_mse=1.6007 | ci=0.6392 | r=0.4095 | lr=9.11e-05 | 161.2s
Ep   8/30 | loss=1.8543 | val_mse=2.2872 | ci=0.6411 | r=0.4125 | lr=8.77e-05 | 161.0s
Ep   9/30 | loss=1.8238 | val_mse=1.7439 | ci=0.6493 | r=0.4308 | lr=8.39e-05 | 161.3s
Ep  10/30 | loss=1.8191 | val_mse=1.6433 | ci=0.6495 | r=0.4402 | lr=7.96e-05 | 161.0s
Ep  11/30 | loss=1.7844 | val_mse=1.8144 | ci=0.6568 | r=0.4533 | lr=7.50e-05 | 161.1s
Ep  12/30 | loss=1.7437 | val_mse=1.6161 | ci=0.6592 | r=0.4620 | lr=7.01e-05 | 161.0s
Ep  13/30 | loss=1.7241 | val_mse=1.5550 | ci=0.6586 | r=0.4668 | lr=6.49e-05 | 161.0s
Ep  14/30 | loss=1.7080 | val_mse=1.5685 | ci=0.6636 | r=0.4782 | lr=5.96e-05 | 161.0s
Ep  15/30 | loss=1.6808 | val_mse=1.4909 | ci=0.6651 | r=0.4830 | lr=5.41e-05 | 161.0s
Ep  16/30 | loss=1.6631 | val_mse=1.6896 | ci=0.6725 | r=0.5003 | lr=4.86e-05 | 161.0s
Ep  17/30 | loss=1.6409 | val_mse=1.4870 | ci=0.6691 | r=0.4889 | lr=4.31e-05 | 161.0s
Ep  18/30 | loss=1.6170 | val_mse=1.4829 | ci=0.6737 | r=0.5029 | lr=3.77e-05 | 161.0s
Ep  19/30 | loss=1.5952 | val_mse=1.4746 | ci=0.6749 | r=0.5086 | lr=3.25e-05 | 161.0s
Ep  20/30 | loss=1.5892 | val_mse=1.4654 | ci=0.6806 | r=0.5176 | lr=2.74e-05 | 160.9s
Ep  21/30 | loss=1.5709 | val_mse=1.5062 | ci=0.6777 | r=0.5104 | lr=2.27e-05 | 161.0s
Ep  22/30 | loss=1.5622 | val_mse=1.5206 | ci=0.6823 | r=0.5245 | lr=1.82e-05 | 161.0s
Ep  23/30 | loss=1.5569 | val_mse=1.5425 | ci=0.6832 | r=0.5254 | lr=1.42e-05 | 161.0s
Ep  24/30 | loss=1.5535 | val_mse=1.4890 | ci=0.6836 | r=0.5259 | lr=1.05e-05 | 161.0s
Ep  25/30 | loss=1.5392 | val_mse=1.5030 | ci=0.6836 | r=0.5267 | lr=7.40e-06 | 161.0s
Ep  26/30 | loss=1.5501 | val_mse=1.5388 | ci=0.6829 | r=0.5237 | lr=4.78e-06 | 161.0s
Ep  27/30 | loss=1.5436 | val_mse=1.5929 | ci=0.6828 | r=0.5227 | lr=2.71e-06 | 161.0s
Ep  28/30 | loss=1.5325 | val_mse=1.5654 | ci=0.6836 | r=0.5249 | lr=1.21e-06 | 161.0s
Ep  29/30 | loss=1.5383 | val_mse=1.5993 | ci=0.6836 | r=0.5248 | lr=3.03e-07 | 161.1s
Ep  30/30 | loss=1.5261 | val_mse=1.5956 | ci=0.6836 | r=0.5249 | lr=0.00e+00 | 161.0s
  [Trainer] Epoch log saved → outputs/sweeps/late_crossattn/do03/logs/late_crossattn_history.csv

[train.py] Done. Results → outputs/sweeps/late_crossattn/do03/results/results.csv
==================== DONE ====================
Results:  outputs/sweeps/late_crossattn/do03/
