==================== ENV ====================
/scratch/tt3124/ComparisionPDI/.venv/bin/python
Python 3.9.18
torch: 2.2.0+cu121
cuda: True
gpu: NVIDIA L4
==================== RUN ====================
Tag:      dm64
Variant:  late_crossattn
Args:     --d_model 64 --n_heads 2
=============================================
[seeds] Seed set to 42
[BindingDBKiDataset] Loading dataset/BindingDB/BindingDB_PDSPKi.tsv …
[BindingDBKiDataset] 27715 raw rows → 21382 valid rows (6333 dropped)
[train.py] Split 'random': train=17,105 | val=2,138 | test=2,139
[train.py] LateCrossAttnDTI: 404,993 trainable parameters

────────────────────────────────────────────────────────────
  Variant : late_crossattn
  Device  : cuda  (1 GPU(s) active)
  Split   : random  |  Seed: 42
  Params  : 404,993
────────────────────────────────────────────────────────────
Ep   1/30 | loss=28.0030 | val_mse=1.9304 | ci=0.5563 | r=0.1688 | lr=6.67e-05 | 89.7s
Ep   2/30 | loss=2.1035 | val_mse=1.7365 | ci=0.5919 | r=0.2846 | lr=9.99e-05 | 82.7s
Ep   3/30 | loss=1.9975 | val_mse=1.7533 | ci=0.6038 | r=0.3142 | lr=9.93e-05 | 82.8s
Ep   4/30 | loss=1.9605 | val_mse=1.6253 | ci=0.6096 | r=0.3341 | lr=9.81e-05 | 82.7s
Ep   5/30 | loss=1.9075 | val_mse=1.6784 | ci=0.6170 | r=0.3521 | lr=9.63e-05 | 82.7s
Ep   6/30 | loss=1.8993 | val_mse=1.6041 | ci=0.6233 | r=0.3674 | lr=9.40e-05 | 82.7s
Ep   7/30 | loss=1.8605 | val_mse=1.6074 | ci=0.6273 | r=0.3790 | lr=9.11e-05 | 82.7s
Ep   8/30 | loss=1.8451 | val_mse=1.7243 | ci=0.6336 | r=0.3963 | lr=8.77e-05 | 82.8s
Ep   9/30 | loss=1.8232 | val_mse=1.6226 | ci=0.6361 | r=0.4036 | lr=8.39e-05 | 82.7s
Ep  10/30 | loss=1.8122 | val_mse=1.6995 | ci=0.6379 | r=0.4068 | lr=7.96e-05 | 82.7s
Ep  11/30 | loss=1.7764 | val_mse=1.6045 | ci=0.6442 | r=0.4236 | lr=7.50e-05 | 82.8s
Ep  12/30 | loss=1.7654 | val_mse=1.4710 | ci=0.6507 | r=0.4389 | lr=7.01e-05 | 82.8s
Ep  13/30 | loss=1.7419 | val_mse=1.4946 | ci=0.6527 | r=0.4448 | lr=6.49e-05 | 82.7s
Ep  14/30 | loss=1.7303 | val_mse=1.6579 | ci=0.6589 | r=0.4590 | lr=5.96e-05 | 82.7s
Ep  15/30 | loss=1.7027 | val_mse=1.4486 | ci=0.6626 | r=0.4683 | lr=5.41e-05 | 82.9s
Ep  16/30 | loss=1.7007 | val_mse=1.5356 | ci=0.6611 | r=0.4676 | lr=4.86e-05 | 82.7s
Ep  17/30 | loss=1.6793 | val_mse=1.5010 | ci=0.6647 | r=0.4763 | lr=4.31e-05 | 82.8s
Ep  18/30 | loss=1.6734 | val_mse=1.4825 | ci=0.6664 | r=0.4823 | lr=3.77e-05 | 82.8s
Ep  19/30 | loss=1.6557 | val_mse=1.4337 | ci=0.6696 | r=0.4907 | lr=3.25e-05 | 82.7s
Ep  20/30 | loss=1.6474 | val_mse=1.3842 | ci=0.6693 | r=0.4881 | lr=2.74e-05 | 82.8s
Ep  21/30 | loss=1.6397 | val_mse=1.3667 | ci=0.6728 | r=0.4987 | lr=2.27e-05 | 82.7s
Ep  22/30 | loss=1.6174 | val_mse=1.4029 | ci=0.6741 | r=0.5015 | lr=1.82e-05 | 82.7s
Ep  23/30 | loss=1.6032 | val_mse=1.3740 | ci=0.6734 | r=0.5006 | lr=1.42e-05 | 82.9s
Ep  24/30 | loss=1.6237 | val_mse=1.3693 | ci=0.6747 | r=0.5036 | lr=1.05e-05 | 83.1s
Ep  25/30 | loss=1.6300 | val_mse=1.3631 | ci=0.6748 | r=0.5042 | lr=7.40e-06 | 82.7s
Ep  26/30 | loss=1.6091 | val_mse=1.3616 | ci=0.6754 | r=0.5056 | lr=4.78e-06 | 82.8s
Ep  27/30 | loss=1.5891 | val_mse=1.3703 | ci=0.6753 | r=0.5055 | lr=2.71e-06 | 82.9s
Ep  28/30 | loss=1.6129 | val_mse=1.3816 | ci=0.6755 | r=0.5060 | lr=1.21e-06 | 82.7s
Ep  29/30 | loss=1.5863 | val_mse=1.3736 | ci=0.6755 | r=0.5059 | lr=3.03e-07 | 82.8s
Ep  30/30 | loss=1.5987 | val_mse=1.3745 | ci=0.6755 | r=0.5058 | lr=0.00e+00 | 82.7s
  [Trainer] Epoch log saved → outputs/sweeps/late_crossattn/dm64/logs/late_crossattn_history.csv

[train.py] Done. Results → outputs/sweeps/late_crossattn/dm64/results/results.csv
==================== DONE ====================
Results:  outputs/sweeps/late_crossattn/dm64/
