==================== ENV ====================
/scratch/tt3124/ComparisionPDI/.venv/bin/python
Python 3.9.18
torch: 2.2.0+cu121
cuda: True
gpu: NVIDIA A100-SXM4-40GB
==================== RUN ====================
Tag:      cold_drug
Variant:  early_concat
Args:     --split cold_drug
=============================================
[seeds] Seed set to 42
[BindingDBKiDataset] Loading dataset/BindingDB/BindingDB_PDSPKi.tsv …
[BindingDBKiDataset] 27715 raw rows → 21382 valid rows (6333 dropped)
[train.py] Split 'cold_drug': train=17,029 | val=2,357 | test=1,996
[train.py] EarlyConcatDTI: 1,266,945 trainable parameters

────────────────────────────────────────────────────────────
  Variant : early_concat
  Device  : cuda  (1 GPU(s) active)
  Split   : cold_drug  |  Seed: 42
  Params  : 1,266,945
────────────────────────────────────────────────────────────
Ep   1/30 | loss=21.8576 | val_mse=1.6696 | ci=0.5337 | r=0.1422 | lr=6.67e-05 | 113.5s
Ep   2/30 | loss=2.2800 | val_mse=1.8417 | ci=0.5280 | r=0.0855 | lr=9.99e-05 | 108.3s
Ep   3/30 | loss=2.0915 | val_mse=1.7635 | ci=0.5465 | r=0.1478 | lr=9.93e-05 | 108.3s
Ep   4/30 | loss=2.0375 | val_mse=1.7063 | ci=0.5502 | r=0.1470 | lr=9.81e-05 | 108.2s
Ep   5/30 | loss=1.9448 | val_mse=1.7055 | ci=0.5675 | r=0.1937 | lr=9.63e-05 | 108.2s
Ep   6/30 | loss=1.8951 | val_mse=1.8546 | ci=0.5791 | r=0.2241 | lr=9.40e-05 | 108.2s
Ep   7/30 | loss=1.8317 | val_mse=1.7090 | ci=0.5732 | r=0.2137 | lr=9.11e-05 | 108.2s
Ep   8/30 | loss=1.8065 | val_mse=2.0856 | ci=0.5635 | r=0.1848 | lr=8.77e-05 | 108.2s
Ep   9/30 | loss=1.7648 | val_mse=1.6955 | ci=0.5912 | r=0.2728 | lr=8.39e-05 | 108.2s
Ep  10/30 | loss=1.7084 | val_mse=1.6728 | ci=0.5847 | r=0.2463 | lr=7.96e-05 | 108.2s
Ep  11/30 | loss=1.7079 | val_mse=1.8392 | ci=0.5842 | r=0.2496 | lr=7.50e-05 | 108.2s
Ep  12/30 | loss=1.6745 | val_mse=1.6147 | ci=0.5915 | r=0.2720 | lr=7.01e-05 | 108.2s
Ep  13/30 | loss=1.6333 | val_mse=1.8047 | ci=0.5966 | r=0.2904 | lr=6.49e-05 | 108.2s
Ep  14/30 | loss=1.6020 | val_mse=1.6071 | ci=0.6062 | r=0.3208 | lr=5.96e-05 | 108.2s
Ep  15/30 | loss=1.5673 | val_mse=1.5286 | ci=0.6026 | r=0.3193 | lr=5.41e-05 | 108.2s
Ep  16/30 | loss=1.5343 | val_mse=1.6730 | ci=0.6012 | r=0.3101 | lr=4.86e-05 | 108.2s
Ep  17/30 | loss=1.5166 | val_mse=1.5958 | ci=0.6201 | r=0.3590 | lr=4.31e-05 | 108.2s
Ep  18/30 | loss=1.4946 | val_mse=1.6200 | ci=0.6079 | r=0.3293 | lr=3.77e-05 | 108.2s
Ep  19/30 | loss=1.4797 | val_mse=1.6141 | ci=0.6108 | r=0.3399 | lr=3.25e-05 | 108.2s
Ep  20/30 | loss=1.4533 | val_mse=1.7186 | ci=0.6082 | r=0.3295 | lr=2.74e-05 | 108.2s
Ep  21/30 | loss=1.4608 | val_mse=1.6602 | ci=0.6110 | r=0.3374 | lr=2.26e-05 | 108.2s
Ep  22/30 | loss=1.4288 | val_mse=1.6242 | ci=0.6168 | r=0.3564 | lr=1.82e-05 | 108.2s
Ep  23/30 | loss=1.4193 | val_mse=1.5531 | ci=0.6131 | r=0.3473 | lr=1.42e-05 | 108.2s
Ep  24/30 | loss=1.4248 | val_mse=1.5633 | ci=0.6238 | r=0.3720 | lr=1.05e-05 | 108.2s
Ep  25/30 | loss=1.4044 | val_mse=1.5859 | ci=0.6250 | r=0.3727 | lr=7.40e-06 | 108.2s
Ep  26/30 | loss=1.4186 | val_mse=1.6379 | ci=0.6200 | r=0.3626 | lr=4.78e-06 | 108.2s
Ep  27/30 | loss=1.3895 | val_mse=1.5730 | ci=0.6218 | r=0.3682 | lr=2.71e-06 | 108.2s
Ep  28/30 | loss=1.3834 | val_mse=1.5863 | ci=0.6215 | r=0.3664 | lr=1.21e-06 | 108.2s
Ep  29/30 | loss=1.3940 | val_mse=1.5774 | ci=0.6214 | r=0.3672 | lr=3.03e-07 | 108.2s
Ep  30/30 | loss=1.3760 | val_mse=1.5815 | ci=0.6215 | r=0.3674 | lr=0.00e+00 | 108.2s
  [EarlyStopping] No improvement for 15 epochs. Stopping.
  [Trainer] Epoch log saved → outputs/sweeps/early_concat/cold_drug/logs/early_concat_history.csv

[train.py] Done. Results → outputs/sweeps/early_concat/cold_drug/results/results.csv
==================== DONE ====================
Results:  outputs/sweeps/early_concat/cold_drug/
