==================== ENV ====================
/scratch/tt3124/ComparisionPDI/.venv/bin/python
Python 3.9.18
torch: 2.2.0+cu121
cuda: True
gpu: NVIDIA L4
==================== RUN ====================
Tag:      bs32
Variant:  late_crossattn
Args:     --batch_size 32
=============================================
[seeds] Seed set to 42
[BindingDBKiDataset] Loading dataset/BindingDB/BindingDB_PDSPKi.tsv …
[BindingDBKiDataset] 27715 raw rows → 21382 valid rows (6333 dropped)
[train.py] Split 'random': train=17,105 | val=2,138 | test=2,139
[train.py] LateCrossAttnDTI: 1,432,065 trainable parameters

────────────────────────────────────────────────────────────
  Variant : late_crossattn
  Device  : cuda  (1 GPU(s) active)
  Split   : random  |  Seed: 42
  Params  : 1,432,065
────────────────────────────────────────────────────────────
Ep   1/30 | loss=16.4284 | val_mse=1.7505 | ci=0.5904 | r=0.2764 | lr=6.67e-05 | 164.9s
Ep   2/30 | loss=2.1218 | val_mse=1.6412 | ci=0.6054 | r=0.3238 | lr=9.99e-05 | 160.6s
Ep   3/30 | loss=2.0287 | val_mse=1.6411 | ci=0.6250 | r=0.3718 | lr=9.93e-05 | 161.1s
Ep   4/30 | loss=1.9200 | val_mse=1.5378 | ci=0.6373 | r=0.4092 | lr=9.81e-05 | 161.2s
Ep   5/30 | loss=1.8654 | val_mse=1.5144 | ci=0.6504 | r=0.4266 | lr=9.63e-05 | 161.6s
Ep   6/30 | loss=1.8014 | val_mse=1.4512 | ci=0.6577 | r=0.4500 | lr=9.40e-05 | 161.3s
Ep   7/30 | loss=1.7620 | val_mse=1.4746 | ci=0.6566 | r=0.4558 | lr=9.11e-05 | 161.4s
Ep   8/30 | loss=1.7127 | val_mse=1.6361 | ci=0.6755 | r=0.4950 | lr=8.77e-05 | 161.5s
Ep   9/30 | loss=1.6527 | val_mse=1.3473 | ci=0.6793 | r=0.5168 | lr=8.39e-05 | 161.5s
Ep  10/30 | loss=1.6108 | val_mse=1.3795 | ci=0.6826 | r=0.5304 | lr=7.96e-05 | 161.5s
Ep  11/30 | loss=1.5591 | val_mse=1.3756 | ci=0.6860 | r=0.5395 | lr=7.50e-05 | 161.6s
Ep  12/30 | loss=1.5011 | val_mse=1.4460 | ci=0.7000 | r=0.5788 | lr=7.01e-05 | 161.4s
Ep  13/30 | loss=1.4599 | val_mse=1.3302 | ci=0.7033 | r=0.5856 | lr=6.49e-05 | 161.3s
Ep  14/30 | loss=1.4233 | val_mse=1.1989 | ci=0.7076 | r=0.5907 | lr=5.96e-05 | 161.2s
Ep  15/30 | loss=1.3833 | val_mse=1.2307 | ci=0.7035 | r=0.5850 | lr=5.41e-05 | 161.3s
Ep  16/30 | loss=1.3626 | val_mse=1.1530 | ci=0.7151 | r=0.6144 | lr=4.86e-05 | 161.2s
Ep  17/30 | loss=1.3171 | val_mse=1.2597 | ci=0.7019 | r=0.5809 | lr=4.31e-05 | 161.1s
Ep  18/30 | loss=1.2767 | val_mse=1.2532 | ci=0.7172 | r=0.6144 | lr=3.77e-05 | 161.1s
Ep  19/30 | loss=1.2552 | val_mse=1.1333 | ci=0.7254 | r=0.6355 | lr=3.25e-05 | 161.1s
Ep  20/30 | loss=1.2399 | val_mse=1.0903 | ci=0.7287 | r=0.6451 | lr=2.74e-05 | 161.3s
Ep  21/30 | loss=1.2211 | val_mse=1.0978 | ci=0.7273 | r=0.6405 | lr=2.27e-05 | 161.3s
Ep  22/30 | loss=1.1858 | val_mse=1.1058 | ci=0.7314 | r=0.6487 | lr=1.82e-05 | 161.4s
Ep  23/30 | loss=1.1703 | val_mse=1.0864 | ci=0.7323 | r=0.6502 | lr=1.42e-05 | 161.5s
Ep  24/30 | loss=1.1754 | val_mse=1.1143 | ci=0.7336 | r=0.6534 | lr=1.05e-05 | 161.5s
Ep  25/30 | loss=1.1445 | val_mse=1.1029 | ci=0.7326 | r=0.6511 | lr=7.40e-06 | 161.5s
Ep  26/30 | loss=1.1407 | val_mse=1.1166 | ci=0.7330 | r=0.6520 | lr=4.78e-06 | 161.5s
Ep  27/30 | loss=1.1477 | val_mse=1.1323 | ci=0.7332 | r=0.6522 | lr=2.71e-06 | 161.4s
Ep  28/30 | loss=1.1385 | val_mse=1.1035 | ci=0.7344 | r=0.6554 | lr=1.21e-06 | 161.2s
Ep  29/30 | loss=1.1363 | val_mse=1.1111 | ci=0.7345 | r=0.6555 | lr=3.03e-07 | 161.0s
Ep  30/30 | loss=1.1369 | val_mse=1.1131 | ci=0.7345 | r=0.6555 | lr=0.00e+00 | 161.1s
  [Trainer] Epoch log saved → outputs/sweeps/late_crossattn/bs32/logs/late_crossattn_history.csv

[train.py] Done. Results → outputs/sweeps/late_crossattn/bs32/results/results.csv
==================== DONE ====================
Results:  outputs/sweeps/late_crossattn/bs32/
