==================== ENV ====================
/scratch/tt3124/ComparisionPDI/.venv/bin/python
Python 3.9.18
torch: 2.2.0+cu121
cuda: True
gpu: NVIDIA L4
==================== RUN ====================
Tag:      dm128
Variant:  late_crossattn
Args:     --d_model 128 --n_heads 4
=============================================
[seeds] Seed set to 42
[BindingDBKiDataset] Loading dataset/BindingDB/BindingDB_PDSPKi.tsv …
[BindingDBKiDataset] 27715 raw rows → 21382 valid rows (6333 dropped)
[train.py] Split 'random': train=17,105 | val=2,138 | test=2,139
[train.py] LateCrossAttnDTI: 1,432,065 trainable parameters

────────────────────────────────────────────────────────────
  Variant : late_crossattn
  Device  : cuda  (1 GPU(s) active)
  Split   : random  |  Seed: 42
  Params  : 1,432,065
────────────────────────────────────────────────────────────
Ep   1/30 | loss=22.5040 | val_mse=1.7478 | ci=0.5844 | r=0.2523 | lr=6.67e-05 | 166.3s
Ep   2/30 | loss=2.1547 | val_mse=1.6479 | ci=0.5997 | r=0.3084 | lr=9.99e-05 | 160.7s
Ep   3/30 | loss=2.0177 | val_mse=1.5926 | ci=0.6197 | r=0.3559 | lr=9.93e-05 | 160.7s
Ep   4/30 | loss=1.9965 | val_mse=1.9546 | ci=0.6316 | r=0.3916 | lr=9.81e-05 | 160.7s
Ep   5/30 | loss=1.8994 | val_mse=1.7206 | ci=0.6413 | r=0.4101 | lr=9.63e-05 | 160.7s
Ep   6/30 | loss=1.9001 | val_mse=1.6039 | ci=0.6459 | r=0.4226 | lr=9.40e-05 | 160.7s
Ep   7/30 | loss=1.8412 | val_mse=1.4748 | ci=0.6508 | r=0.4378 | lr=9.11e-05 | 160.6s
Ep   8/30 | loss=1.7922 | val_mse=1.4568 | ci=0.6605 | r=0.4584 | lr=8.77e-05 | 160.8s
Ep   9/30 | loss=1.7509 | val_mse=1.4572 | ci=0.6659 | r=0.4760 | lr=8.39e-05 | 160.7s
Ep  10/30 | loss=1.7337 | val_mse=1.5034 | ci=0.6636 | r=0.4780 | lr=7.96e-05 | 160.7s
Ep  11/30 | loss=1.6921 | val_mse=1.4943 | ci=0.6715 | r=0.4937 | lr=7.50e-05 | 160.8s
Ep  12/30 | loss=1.6433 | val_mse=1.3838 | ci=0.6821 | r=0.5183 | lr=7.01e-05 | 160.7s
Ep  13/30 | loss=1.6202 | val_mse=1.3213 | ci=0.6824 | r=0.5259 | lr=6.49e-05 | 160.6s
Ep  14/30 | loss=1.5952 | val_mse=1.3204 | ci=0.6874 | r=0.5369 | lr=5.96e-05 | 160.7s
Ep  15/30 | loss=1.5524 | val_mse=1.3090 | ci=0.6878 | r=0.5358 | lr=5.41e-05 | 160.6s
Ep  16/30 | loss=1.5081 | val_mse=1.2456 | ci=0.6984 | r=0.5659 | lr=4.86e-05 | 160.8s
Ep  17/30 | loss=1.4872 | val_mse=1.2722 | ci=0.6911 | r=0.5528 | lr=4.31e-05 | 160.7s
Ep  18/30 | loss=1.4616 | val_mse=1.3157 | ci=0.6977 | r=0.5632 | lr=3.77e-05 | 160.7s
Ep  19/30 | loss=1.4260 | val_mse=1.3029 | ci=0.7012 | r=0.5731 | lr=3.25e-05 | 160.8s
Ep  20/30 | loss=1.4225 | val_mse=1.2091 | ci=0.7062 | r=0.5849 | lr=2.74e-05 | 160.7s
Ep  21/30 | loss=1.3860 | val_mse=1.2065 | ci=0.7061 | r=0.5862 | lr=2.27e-05 | 160.7s
Ep  22/30 | loss=1.3897 | val_mse=1.2023 | ci=0.7077 | r=0.5916 | lr=1.82e-05 | 160.7s
Ep  23/30 | loss=1.3621 | val_mse=1.2009 | ci=0.7093 | r=0.5937 | lr=1.42e-05 | 160.7s
Ep  24/30 | loss=1.3705 | val_mse=1.1800 | ci=0.7111 | r=0.5988 | lr=1.05e-05 | 160.7s
Ep  25/30 | loss=1.3563 | val_mse=1.1920 | ci=0.7083 | r=0.5939 | lr=7.40e-06 | 160.7s
Ep  26/30 | loss=1.3485 | val_mse=1.1916 | ci=0.7095 | r=0.5968 | lr=4.78e-06 | 160.7s
Ep  27/30 | loss=1.3388 | val_mse=1.1960 | ci=0.7111 | r=0.5991 | lr=2.71e-06 | 160.7s
Ep  28/30 | loss=1.3329 | val_mse=1.1866 | ci=0.7108 | r=0.5997 | lr=1.21e-06 | 160.7s
Ep  29/30 | loss=1.3428 | val_mse=1.1981 | ci=0.7110 | r=0.5998 | lr=3.03e-07 | 160.7s
Ep  30/30 | loss=1.3317 | val_mse=1.1962 | ci=0.7110 | r=0.5998 | lr=0.00e+00 | 160.7s
  [Trainer] Epoch log saved → outputs/sweeps/late_crossattn/dm128/logs/late_crossattn_history.csv

[train.py] Done. Results → outputs/sweeps/late_crossattn/dm128/results/results.csv
==================== DONE ====================
Results:  outputs/sweeps/late_crossattn/dm128/
