==================== ENV ====================
/scratch/tt3124/ComparisionPDI/.venv/bin/python
Python 3.9.18
torch: 2.2.0+cu121
cuda: True
gpu: NVIDIA L4
==================== RUN ====================
Tag:      h2
Variant:  late_crossattn
Args:     --n_heads 2
=============================================
[seeds] Seed set to 42
[BindingDBKiDataset] Loading dataset/BindingDB/BindingDB_PDSPKi.tsv …
[BindingDBKiDataset] 27715 raw rows → 21382 valid rows (6333 dropped)
[train.py] Split 'random': train=17,105 | val=2,138 | test=2,139
[train.py] LateCrossAttnDTI: 1,432,065 trainable parameters

────────────────────────────────────────────────────────────
  Variant : late_crossattn
  Device  : cuda  (1 GPU(s) active)
  Split   : random  |  Seed: 42
  Params  : 1,432,065
────────────────────────────────────────────────────────────
Ep   1/30 | loss=22.5205 | val_mse=1.8938 | ci=0.5854 | r=0.2565 | lr=6.67e-05 | 107.3s
Ep   2/30 | loss=2.1277 | val_mse=1.6408 | ci=0.6033 | r=0.3193 | lr=9.99e-05 | 101.0s
Ep   3/30 | loss=2.0367 | val_mse=1.6684 | ci=0.6192 | r=0.3569 | lr=9.93e-05 | 101.5s
Ep   4/30 | loss=1.9460 | val_mse=1.9933 | ci=0.6354 | r=0.3984 | lr=9.81e-05 | 101.8s
Ep   5/30 | loss=1.9215 | val_mse=1.5557 | ci=0.6446 | r=0.4173 | lr=9.63e-05 | 101.8s
Ep   6/30 | loss=1.8855 | val_mse=1.5734 | ci=0.6539 | r=0.4413 | lr=9.40e-05 | 101.8s
Ep   7/30 | loss=1.8373 | val_mse=1.4650 | ci=0.6550 | r=0.4520 | lr=9.11e-05 | 101.9s
Ep   8/30 | loss=1.7897 | val_mse=1.4054 | ci=0.6699 | r=0.4866 | lr=8.77e-05 | 101.9s
Ep   9/30 | loss=1.7533 | val_mse=1.3834 | ci=0.6712 | r=0.4951 | lr=8.39e-05 | 101.9s
Ep  10/30 | loss=1.7076 | val_mse=1.4705 | ci=0.6765 | r=0.5066 | lr=7.96e-05 | 101.9s
Ep  11/30 | loss=1.6586 | val_mse=1.3124 | ci=0.6843 | r=0.5287 | lr=7.50e-05 | 101.9s
Ep  12/30 | loss=1.6160 | val_mse=1.3317 | ci=0.6870 | r=0.5364 | lr=7.01e-05 | 101.9s
Ep  13/30 | loss=1.5956 | val_mse=1.2880 | ci=0.6923 | r=0.5504 | lr=6.49e-05 | 101.9s
Ep  14/30 | loss=1.5451 | val_mse=1.3271 | ci=0.6967 | r=0.5595 | lr=5.96e-05 | 101.8s
Ep  15/30 | loss=1.5131 | val_mse=1.2799 | ci=0.6969 | r=0.5638 | lr=5.41e-05 | 101.9s
Ep  16/30 | loss=1.4697 | val_mse=1.2304 | ci=0.7038 | r=0.5808 | lr=4.86e-05 | 101.9s
Ep  17/30 | loss=1.4623 | val_mse=1.2216 | ci=0.7040 | r=0.5799 | lr=4.31e-05 | 101.9s
Ep  18/30 | loss=1.4389 | val_mse=1.2600 | ci=0.7054 | r=0.5855 | lr=3.77e-05 | 101.9s
Ep  19/30 | loss=1.3931 | val_mse=1.1880 | ci=0.7104 | r=0.6005 | lr=3.25e-05 | 101.8s
Ep  20/30 | loss=1.3925 | val_mse=1.1989 | ci=0.7139 | r=0.6070 | lr=2.74e-05 | 101.9s
Ep  21/30 | loss=1.3637 | val_mse=1.1699 | ci=0.7145 | r=0.6097 | lr=2.27e-05 | 101.9s
Ep  22/30 | loss=1.3461 | val_mse=1.1740 | ci=0.7159 | r=0.6139 | lr=1.82e-05 | 101.9s
Ep  23/30 | loss=1.3429 | val_mse=1.1632 | ci=0.7176 | r=0.6179 | lr=1.42e-05 | 101.9s
Ep  24/30 | loss=1.3281 | val_mse=1.1474 | ci=0.7186 | r=0.6210 | lr=1.05e-05 | 101.8s
Ep  25/30 | loss=1.3061 | val_mse=1.1610 | ci=0.7174 | r=0.6186 | lr=7.40e-06 | 101.8s
Ep  26/30 | loss=1.3196 | val_mse=1.1518 | ci=0.7187 | r=0.6214 | lr=4.78e-06 | 101.8s
Ep  27/30 | loss=1.2988 | val_mse=1.1651 | ci=0.7187 | r=0.6206 | lr=2.71e-06 | 101.9s
Ep  28/30 | loss=1.2991 | val_mse=1.1598 | ci=0.7191 | r=0.6221 | lr=1.21e-06 | 101.8s
Ep  29/30 | loss=1.2859 | val_mse=1.1610 | ci=0.7194 | r=0.6227 | lr=3.03e-07 | 101.8s
Ep  30/30 | loss=1.3055 | val_mse=1.1637 | ci=0.7194 | r=0.6227 | lr=0.00e+00 | 101.8s
  [Trainer] Epoch log saved → outputs/sweeps/late_crossattn/h2/logs/late_crossattn_history.csv

[train.py] Done. Results → outputs/sweeps/late_crossattn/h2/results/results.csv
==================== DONE ====================
Results:  outputs/sweeps/late_crossattn/h2/
