==================== ENV ====================
/scratch/tt3124/ComparisionPDI/.venv/bin/python
Python 3.9.18
torch: 2.2.0+cu121
cuda: True
gpu: NVIDIA L4
==================== RUN ====================
Tag:      lr3e4
Variant:  late_crossattn
Args:     --lr 3e-4
=============================================
[seeds] Seed set to 42
[BindingDBKiDataset] Loading dataset/BindingDB/BindingDB_PDSPKi.tsv …
[BindingDBKiDataset] 27715 raw rows → 21382 valid rows (6333 dropped)
[train.py] Split 'random': train=17,105 | val=2,138 | test=2,139
[train.py] LateCrossAttnDTI: 1,432,065 trainable parameters

────────────────────────────────────────────────────────────
  Variant : late_crossattn
  Device  : cuda  (1 GPU(s) active)
  Split   : random  |  Seed: 42
  Params  : 1,432,065
────────────────────────────────────────────────────────────
Ep   1/30 | loss=14.5024 | val_mse=1.6829 | ci=0.5922 | r=0.2845 | lr=2.00e-04 | 168.1s
Ep   2/30 | loss=2.1373 | val_mse=1.8614 | ci=0.6131 | r=0.3385 | lr=3.00e-04 | 162.7s
Ep   3/30 | loss=2.0093 | val_mse=1.6756 | ci=0.6338 | r=0.3919 | lr=2.98e-04 | 162.8s
Ep   4/30 | loss=1.9523 | val_mse=1.4830 | ci=0.6470 | r=0.4333 | lr=2.94e-04 | 162.8s
Ep   5/30 | loss=1.8052 | val_mse=1.5102 | ci=0.6574 | r=0.4495 | lr=2.89e-04 | 162.8s
Ep   6/30 | loss=1.7325 | val_mse=1.3943 | ci=0.6726 | r=0.4957 | lr=2.82e-04 | 162.8s
Ep   7/30 | loss=1.6265 | val_mse=1.4782 | ci=0.6861 | r=0.5321 | lr=2.73e-04 | 162.8s
Ep   8/30 | loss=1.5573 | val_mse=1.3742 | ci=0.6860 | r=0.5335 | lr=2.63e-04 | 162.8s
Ep   9/30 | loss=1.4971 | val_mse=1.4185 | ci=0.6876 | r=0.5378 | lr=2.52e-04 | 162.8s
Ep  10/30 | loss=1.4395 | val_mse=1.3149 | ci=0.7061 | r=0.5919 | lr=2.39e-04 | 162.8s
Ep  11/30 | loss=1.3615 | val_mse=1.3325 | ci=0.6926 | r=0.5617 | lr=2.25e-04 | 162.8s
Ep  12/30 | loss=1.2914 | val_mse=1.1414 | ci=0.7200 | r=0.6283 | lr=2.10e-04 | 162.8s
Ep  13/30 | loss=1.2633 | val_mse=1.2228 | ci=0.7174 | r=0.6179 | lr=1.95e-04 | 162.8s
Ep  14/30 | loss=1.2118 | val_mse=1.0820 | ci=0.7352 | r=0.6604 | lr=1.79e-04 | 162.8s
Ep  15/30 | loss=1.1491 | val_mse=1.0574 | ci=0.7375 | r=0.6647 | lr=1.62e-04 | 162.8s
Ep  16/30 | loss=1.0947 | val_mse=1.0119 | ci=0.7471 | r=0.6890 | lr=1.46e-04 | 162.8s
Ep  17/30 | loss=1.0652 | val_mse=0.9943 | ci=0.7508 | r=0.6931 | lr=1.29e-04 | 162.8s
Ep  18/30 | loss=1.0238 | val_mse=0.9925 | ci=0.7538 | r=0.7034 | lr=1.13e-04 | 162.8s
Ep  19/30 | loss=0.9747 | val_mse=0.9640 | ci=0.7582 | r=0.7114 | lr=9.74e-05 | 162.8s
Ep  20/30 | loss=0.9532 | val_mse=0.9276 | ci=0.7621 | r=0.7217 | lr=8.23e-05 | 162.8s
Ep  21/30 | loss=0.9311 | val_mse=0.9011 | ci=0.7645 | r=0.7240 | lr=6.80e-05 | 162.8s
Ep  22/30 | loss=0.9111 | val_mse=0.9501 | ci=0.7660 | r=0.7277 | lr=5.46e-05 | 162.8s
Ep  23/30 | loss=0.8849 | val_mse=0.9019 | ci=0.7679 | r=0.7331 | lr=4.25e-05 | 162.8s
Ep  24/30 | loss=0.8746 | val_mse=0.9159 | ci=0.7692 | r=0.7355 | lr=3.16e-05 | 162.8s
Ep  25/30 | loss=0.8579 | val_mse=0.9072 | ci=0.7684 | r=0.7316 | lr=2.22e-05 | 162.8s
Ep  26/30 | loss=0.8452 | val_mse=0.9115 | ci=0.7692 | r=0.7338 | lr=1.43e-05 | 162.8s
Ep  27/30 | loss=0.8468 | val_mse=0.8988 | ci=0.7708 | r=0.7364 | lr=8.13e-06 | 162.8s
Ep  28/30 | loss=0.8233 | val_mse=0.9075 | ci=0.7712 | r=0.7375 | lr=3.63e-06 | 162.8s
Ep  29/30 | loss=0.8250 | val_mse=0.9136 | ci=0.7713 | r=0.7377 | lr=9.10e-07 | 162.8s
Ep  30/30 | loss=0.8218 | val_mse=0.9121 | ci=0.7714 | r=0.7378 | lr=0.00e+00 | 162.8s
  [Trainer] Epoch log saved → outputs/sweeps/late_crossattn/lr3e4/logs/late_crossattn_history.csv

[train.py] Done. Results → outputs/sweeps/late_crossattn/lr3e4/results/results.csv
==================== DONE ====================
Results:  outputs/sweeps/late_crossattn/lr3e4/
