==================== ENV ====================
/scratch/tt3124/ComparisionPDI/.venv/bin/python
Python 3.9.18
torch: 2.2.0+cu121
cuda: True
gpu: NVIDIA L4
==================== RUN ====================
Tag:      lr5e5
Variant:  late_crossattn
Args:     --lr 5e-5
=============================================
[seeds] Seed set to 42
[BindingDBKiDataset] Loading dataset/BindingDB/BindingDB_PDSPKi.tsv …
[BindingDBKiDataset] 27715 raw rows → 21382 valid rows (6333 dropped)
[train.py] Split 'random': train=17,105 | val=2,138 | test=2,139
[train.py] LateCrossAttnDTI: 1,432,065 trainable parameters

────────────────────────────────────────────────────────────
  Variant : late_crossattn
  Device  : cuda  (1 GPU(s) active)
  Split   : random  |  Seed: 42
  Params  : 1,432,065
────────────────────────────────────────────────────────────
Ep   1/30 | loss=30.2679 | val_mse=1.8461 | ci=0.5464 | r=0.1337 | lr=3.33e-05 | 166.2s
Ep   2/30 | loss=2.2471 | val_mse=1.7933 | ci=0.5916 | r=0.2821 | lr=5.00e-05 | 161.2s
Ep   3/30 | loss=2.0729 | val_mse=1.6583 | ci=0.6006 | r=0.3103 | lr=4.97e-05 | 161.5s
Ep   4/30 | loss=2.0569 | val_mse=1.6668 | ci=0.6112 | r=0.3390 | lr=4.91e-05 | 161.4s
Ep   5/30 | loss=1.9908 | val_mse=1.5983 | ci=0.6177 | r=0.3539 | lr=4.82e-05 | 161.4s
Ep   6/30 | loss=1.9454 | val_mse=1.6317 | ci=0.6273 | r=0.3795 | lr=4.70e-05 | 161.5s
Ep   7/30 | loss=1.9081 | val_mse=1.5515 | ci=0.6328 | r=0.3924 | lr=4.55e-05 | 161.4s
Ep   8/30 | loss=1.8910 | val_mse=1.8741 | ci=0.6385 | r=0.4046 | lr=4.39e-05 | 161.4s
Ep   9/30 | loss=1.8542 | val_mse=1.5359 | ci=0.6469 | r=0.4268 | lr=4.19e-05 | 161.4s
Ep  10/30 | loss=1.8518 | val_mse=1.5347 | ci=0.6486 | r=0.4308 | lr=3.98e-05 | 161.4s
Ep  11/30 | loss=1.8219 | val_mse=1.7014 | ci=0.6537 | r=0.4432 | lr=3.75e-05 | 161.5s
Ep  12/30 | loss=1.7941 | val_mse=1.5676 | ci=0.6544 | r=0.4460 | lr=3.50e-05 | 161.4s
Ep  13/30 | loss=1.7663 | val_mse=1.4726 | ci=0.6579 | r=0.4564 | lr=3.25e-05 | 161.4s
Ep  14/30 | loss=1.7701 | val_mse=1.5423 | ci=0.6615 | r=0.4615 | lr=2.98e-05 | 161.4s
Ep  15/30 | loss=1.7438 | val_mse=1.8014 | ci=0.6643 | r=0.4690 | lr=2.71e-05 | 161.4s
Ep  16/30 | loss=1.7319 | val_mse=1.6239 | ci=0.6658 | r=0.4762 | lr=2.43e-05 | 161.5s
Ep  17/30 | loss=1.7227 | val_mse=1.4607 | ci=0.6660 | r=0.4766 | lr=2.16e-05 | 161.4s
Ep  18/30 | loss=1.6774 | val_mse=1.3927 | ci=0.6672 | r=0.4833 | lr=1.89e-05 | 161.5s
Ep  19/30 | loss=1.6718 | val_mse=1.5821 | ci=0.6697 | r=0.4870 | lr=1.62e-05 | 161.4s
Ep  20/30 | loss=1.6678 | val_mse=1.3818 | ci=0.6726 | r=0.4945 | lr=1.37e-05 | 161.4s
Ep  21/30 | loss=1.6396 | val_mse=1.4064 | ci=0.6730 | r=0.4969 | lr=1.13e-05 | 161.4s
Ep  22/30 | loss=1.6458 | val_mse=1.4069 | ci=0.6739 | r=0.4989 | lr=9.11e-06 | 161.4s
Ep  23/30 | loss=1.6256 | val_mse=1.3869 | ci=0.6758 | r=0.5029 | lr=7.08e-06 | 161.5s
Ep  24/30 | loss=1.6363 | val_mse=1.4004 | ci=0.6761 | r=0.5044 | lr=5.27e-06 | 161.4s
Ep  25/30 | loss=1.6244 | val_mse=1.4134 | ci=0.6764 | r=0.5050 | lr=3.70e-06 | 161.5s
Ep  26/30 | loss=1.6224 | val_mse=1.4020 | ci=0.6761 | r=0.5045 | lr=2.39e-06 | 161.4s
Ep  27/30 | loss=1.6177 | val_mse=1.4026 | ci=0.6763 | r=0.5055 | lr=1.35e-06 | 161.4s
Ep  28/30 | loss=1.6135 | val_mse=1.3967 | ci=0.6767 | r=0.5061 | lr=6.05e-07 | 161.5s
Ep  29/30 | loss=1.6221 | val_mse=1.3846 | ci=0.6766 | r=0.5062 | lr=1.52e-07 | 161.4s
Ep  30/30 | loss=1.6138 | val_mse=1.3850 | ci=0.6766 | r=0.5062 | lr=0.00e+00 | 161.5s
  [Trainer] Epoch log saved → outputs/sweeps/late_crossattn/lr5e5/logs/late_crossattn_history.csv

[train.py] Done. Results → outputs/sweeps/late_crossattn/lr5e5/results/results.csv
==================== DONE ====================
Results:  outputs/sweeps/late_crossattn/lr5e5/
