==================== ENV ====================
/scratch/tt3124/ComparisionPDI/.venv/bin/python
Python 3.9.18
torch: 2.2.0+cu121
cuda: True
gpu: NVIDIA L4
==================== RUN ====================
Tag:      do02
Variant:  late_crossattn
Args:     --dropout 0.2
=============================================
[seeds] Seed set to 42
[BindingDBKiDataset] Loading dataset/BindingDB/BindingDB_PDSPKi.tsv …
[BindingDBKiDataset] 27715 raw rows → 21382 valid rows (6333 dropped)
[train.py] Split 'random': train=17,105 | val=2,138 | test=2,139
[train.py] LateCrossAttnDTI: 1,432,065 trainable parameters

────────────────────────────────────────────────────────────
  Variant : late_crossattn
  Device  : cuda  (1 GPU(s) active)
  Split   : random  |  Seed: 42
  Params  : 1,432,065
────────────────────────────────────────────────────────────
Ep   1/30 | loss=22.8174 | val_mse=1.9852 | ci=0.5842 | r=0.2504 | lr=6.67e-05 | 166.5s
Ep   2/30 | loss=2.1540 | val_mse=1.7804 | ci=0.5983 | r=0.3041 | lr=9.99e-05 | 161.9s
Ep   3/30 | loss=2.0259 | val_mse=1.6718 | ci=0.6142 | r=0.3435 | lr=9.93e-05 | 162.3s
Ep   4/30 | loss=2.0054 | val_mse=2.3875 | ci=0.6300 | r=0.3838 | lr=9.81e-05 | 162.3s
Ep   5/30 | loss=1.9491 | val_mse=2.5805 | ci=0.6327 | r=0.3915 | lr=9.63e-05 | 162.2s
Ep   6/30 | loss=1.9158 | val_mse=1.6280 | ci=0.6399 | r=0.4100 | lr=9.40e-05 | 162.3s
Ep   7/30 | loss=1.8673 | val_mse=1.5418 | ci=0.6426 | r=0.4185 | lr=9.11e-05 | 162.3s
Ep   8/30 | loss=1.8278 | val_mse=1.6399 | ci=0.6467 | r=0.4290 | lr=8.77e-05 | 162.3s
Ep   9/30 | loss=1.8037 | val_mse=1.6792 | ci=0.6557 | r=0.4504 | lr=8.39e-05 | 162.3s
Ep  10/30 | loss=1.7863 | val_mse=1.5225 | ci=0.6582 | r=0.4627 | lr=7.96e-05 | 162.2s
Ep  11/30 | loss=1.7471 | val_mse=1.6583 | ci=0.6657 | r=0.4781 | lr=7.50e-05 | 162.3s
Ep  12/30 | loss=1.7061 | val_mse=1.4647 | ci=0.6682 | r=0.4858 | lr=7.01e-05 | 162.2s
Ep  13/30 | loss=1.6874 | val_mse=1.4344 | ci=0.6686 | r=0.4916 | lr=6.49e-05 | 162.2s
Ep  14/30 | loss=1.6587 | val_mse=1.4421 | ci=0.6757 | r=0.5083 | lr=5.96e-05 | 162.2s
Ep  15/30 | loss=1.6331 | val_mse=1.3765 | ci=0.6785 | r=0.5134 | lr=5.41e-05 | 162.2s
Ep  16/30 | loss=1.6001 | val_mse=1.3612 | ci=0.6862 | r=0.5329 | lr=4.86e-05 | 162.2s
Ep  17/30 | loss=1.5735 | val_mse=1.3661 | ci=0.6823 | r=0.5272 | lr=4.31e-05 | 162.2s
Ep  18/30 | loss=1.5520 | val_mse=1.4550 | ci=0.6868 | r=0.5338 | lr=3.77e-05 | 162.2s
Ep  19/30 | loss=1.5226 | val_mse=1.3351 | ci=0.6896 | r=0.5443 | lr=3.25e-05 | 162.2s
Ep  20/30 | loss=1.5231 | val_mse=1.3720 | ci=0.6946 | r=0.5531 | lr=2.74e-05 | 162.1s
Ep  21/30 | loss=1.4961 | val_mse=1.3389 | ci=0.6915 | r=0.5465 | lr=2.27e-05 | 162.2s
Ep  22/30 | loss=1.4883 | val_mse=1.3672 | ci=0.6954 | r=0.5579 | lr=1.82e-05 | 162.1s
Ep  23/30 | loss=1.4722 | val_mse=1.3448 | ci=0.6957 | r=0.5577 | lr=1.42e-05 | 162.1s
Ep  24/30 | loss=1.4757 | val_mse=1.3269 | ci=0.6975 | r=0.5614 | lr=1.05e-05 | 162.2s
Ep  25/30 | loss=1.4640 | val_mse=1.3304 | ci=0.6973 | r=0.5620 | lr=7.40e-06 | 162.2s
Ep  26/30 | loss=1.4663 | val_mse=1.3498 | ci=0.6976 | r=0.5616 | lr=4.78e-06 | 162.1s
Ep  27/30 | loss=1.4546 | val_mse=1.4006 | ci=0.6968 | r=0.5588 | lr=2.71e-06 | 162.2s
Ep  28/30 | loss=1.4463 | val_mse=1.3642 | ci=0.6977 | r=0.5619 | lr=1.21e-06 | 162.2s
Ep  29/30 | loss=1.4521 | val_mse=1.3953 | ci=0.6975 | r=0.5613 | lr=3.03e-07 | 162.1s
Ep  30/30 | loss=1.4438 | val_mse=1.3925 | ci=0.6975 | r=0.5613 | lr=0.00e+00 | 162.1s
  [Trainer] Epoch log saved → outputs/sweeps/late_crossattn/do02/logs/late_crossattn_history.csv

[train.py] Done. Results → outputs/sweeps/late_crossattn/do02/results/results.csv
==================== DONE ====================
Results:  outputs/sweeps/late_crossattn/do02/
