==================== ENV ====================
/scratch/tt3124/ComparisionPDI/.venv/bin/python
Python 3.9.18
torch: 2.2.0+cu121
cuda: True
gpu: NVIDIA L4
==================== RUN ====================
Tag:      cold_target
Variant:  late_crossattn
Args:     --split cold_target
=============================================
[seeds] Seed set to 42
[BindingDBKiDataset] Loading dataset/BindingDB/BindingDB_PDSPKi.tsv …
[BindingDBKiDataset] 27715 raw rows → 21382 valid rows (6333 dropped)
[train.py] Split 'cold_target': train=18,082 | val=1,513 | test=1,787
[train.py] LateCrossAttnDTI: 1,432,065 trainable parameters

────────────────────────────────────────────────────────────
  Variant : late_crossattn
  Device  : cuda  (1 GPU(s) active)
  Split   : cold_target  |  Seed: 42
  Params  : 1,432,065
────────────────────────────────────────────────────────────
Ep   1/30 | loss=21.7608 | val_mse=1.7556 | ci=0.6229 | r=0.3293 | lr=6.67e-05 | 173.3s
Ep   2/30 | loss=2.0934 | val_mse=1.7213 | ci=0.6088 | r=0.3219 | lr=9.99e-05 | 168.5s
Ep   3/30 | loss=1.9858 | val_mse=1.7770 | ci=0.6144 | r=0.3304 | lr=9.93e-05 | 168.5s
Ep   4/30 | loss=1.9464 | val_mse=1.7143 | ci=0.6188 | r=0.3586 | lr=9.81e-05 | 168.6s
Ep   5/30 | loss=1.8638 | val_mse=2.0640 | ci=0.6213 | r=0.3647 | lr=9.63e-05 | 168.5s
Ep   6/30 | loss=1.8627 | val_mse=1.7104 | ci=0.6189 | r=0.3546 | lr=9.40e-05 | 168.4s
Ep   7/30 | loss=1.8026 | val_mse=1.9543 | ci=0.6214 | r=0.3777 | lr=9.11e-05 | 168.5s
Ep   8/30 | loss=1.7427 | val_mse=1.7339 | ci=0.6211 | r=0.3612 | lr=8.77e-05 | 168.5s
Ep   9/30 | loss=1.7170 | val_mse=1.9858 | ci=0.6117 | r=0.3250 | lr=8.39e-05 | 168.5s
Ep  10/30 | loss=1.7015 | val_mse=1.6536 | ci=0.6252 | r=0.3778 | lr=7.96e-05 | 168.5s
Ep  11/30 | loss=1.6300 | val_mse=1.6511 | ci=0.6232 | r=0.3820 | lr=7.50e-05 | 168.5s
Ep  12/30 | loss=1.6115 | val_mse=1.6578 | ci=0.6375 | r=0.4240 | lr=7.01e-05 | 168.5s
Ep  13/30 | loss=1.5675 | val_mse=1.6172 | ci=0.6322 | r=0.4105 | lr=6.49e-05 | 168.5s
Ep  14/30 | loss=1.5277 | val_mse=1.7916 | ci=0.6312 | r=0.3997 | lr=5.96e-05 | 168.5s
Ep  15/30 | loss=1.5169 | val_mse=1.7462 | ci=0.6374 | r=0.4159 | lr=5.41e-05 | 168.5s
Ep  16/30 | loss=1.4943 | val_mse=1.6071 | ci=0.6476 | r=0.4443 | lr=4.86e-05 | 168.6s
Ep  17/30 | loss=1.4541 | val_mse=1.5935 | ci=0.6487 | r=0.4476 | lr=4.31e-05 | 168.6s
Ep  18/30 | loss=1.4398 | val_mse=1.6816 | ci=0.6545 | r=0.4632 | lr=3.77e-05 | 168.6s
Ep  19/30 | loss=1.4090 | val_mse=1.5820 | ci=0.6531 | r=0.4570 | lr=3.25e-05 | 168.5s
Ep  20/30 | loss=1.3665 | val_mse=1.6476 | ci=0.6518 | r=0.4490 | lr=2.74e-05 | 168.5s
Ep  21/30 | loss=1.3520 | val_mse=1.5743 | ci=0.6560 | r=0.4604 | lr=2.27e-05 | 168.5s
Ep  22/30 | loss=1.3549 | val_mse=1.5833 | ci=0.6600 | r=0.4717 | lr=1.82e-05 | 168.5s
Ep  23/30 | loss=1.3367 | val_mse=1.5978 | ci=0.6587 | r=0.4703 | lr=1.42e-05 | 168.6s
Ep  24/30 | loss=1.3239 | val_mse=1.5638 | ci=0.6642 | r=0.4856 | lr=1.05e-05 | 168.5s
Ep  25/30 | loss=1.3279 | val_mse=1.6012 | ci=0.6612 | r=0.4749 | lr=7.40e-06 | 168.5s
Ep  26/30 | loss=1.3241 | val_mse=1.5912 | ci=0.6613 | r=0.4768 | lr=4.78e-06 | 168.5s
Ep  27/30 | loss=1.3101 | val_mse=1.5990 | ci=0.6637 | r=0.4836 | lr=2.71e-06 | 168.5s
Ep  28/30 | loss=1.3079 | val_mse=1.5732 | ci=0.6634 | r=0.4815 | lr=1.21e-06 | 168.5s
Ep  29/30 | loss=1.3081 | val_mse=1.5812 | ci=0.6634 | r=0.4828 | lr=3.03e-07 | 168.5s
Ep  30/30 | loss=1.3111 | val_mse=1.5782 | ci=0.6636 | r=0.4830 | lr=0.00e+00 | 168.5s
  [Trainer] Epoch log saved → outputs/sweeps/late_crossattn/cold_target/logs/late_crossattn_history.csv

[train.py] Done. Results → outputs/sweeps/late_crossattn/cold_target/results/results.csv
==================== DONE ====================
Results:  outputs/sweeps/late_crossattn/cold_target/
