==================== ENV ====================
/scratch/tt3124/ComparisionPDI/.venv/bin/python
Python 3.9.18
torch: 2.2.0+cu121
cuda: True
gpu: NVIDIA L4
==================== RUN ====================
Tag:      l4
Variant:  late_crossattn
Args:     --n_layers 4
=============================================
[seeds] Seed set to 42
[BindingDBKiDataset] Loading dataset/BindingDB/BindingDB_PDSPKi.tsv …
[BindingDBKiDataset] 27715 raw rows → 21382 valid rows (6333 dropped)
[train.py] Split 'random': train=17,105 | val=2,138 | test=2,139
[train.py] LateCrossAttnDTI: 1,035,521 trainable parameters

────────────────────────────────────────────────────────────
  Variant : late_crossattn
  Device  : cuda  (1 GPU(s) active)
  Split   : random  |  Seed: 42
  Params  : 1,035,521
────────────────────────────────────────────────────────────
Ep   1/30 | loss=24.0109 | val_mse=1.7835 | ci=0.5850 | r=0.2535 | lr=6.67e-05 | 118.8s
Ep   2/30 | loss=2.0956 | val_mse=2.0801 | ci=0.6035 | r=0.3101 | lr=9.99e-05 | 112.4s
Ep   3/30 | loss=2.0400 | val_mse=1.9875 | ci=0.6138 | r=0.3458 | lr=9.93e-05 | 112.4s
Ep   4/30 | loss=1.9450 | val_mse=1.9990 | ci=0.6229 | r=0.3713 | lr=9.81e-05 | 112.3s
Ep   5/30 | loss=1.9069 | val_mse=2.0024 | ci=0.6308 | r=0.3923 | lr=9.63e-05 | 112.3s
Ep   6/30 | loss=1.8850 | val_mse=1.5111 | ci=0.6403 | r=0.4175 | lr=9.40e-05 | 112.3s
Ep   7/30 | loss=1.8337 | val_mse=1.6552 | ci=0.6532 | r=0.4405 | lr=9.11e-05 | 112.5s
Ep   8/30 | loss=1.7990 | val_mse=1.8055 | ci=0.6597 | r=0.4541 | lr=8.77e-05 | 112.4s
Ep   9/30 | loss=1.7789 | val_mse=1.4064 | ci=0.6653 | r=0.4763 | lr=8.39e-05 | 112.4s
Ep  10/30 | loss=1.6993 | val_mse=1.4254 | ci=0.6698 | r=0.4889 | lr=7.96e-05 | 112.3s
Ep  11/30 | loss=1.7009 | val_mse=1.4051 | ci=0.6686 | r=0.4888 | lr=7.50e-05 | 112.3s
Ep  12/30 | loss=1.6511 | val_mse=1.3410 | ci=0.6790 | r=0.5119 | lr=7.01e-05 | 112.3s
Ep  13/30 | loss=1.6279 | val_mse=1.3895 | ci=0.6817 | r=0.5193 | lr=6.49e-05 | 112.4s
Ep  14/30 | loss=1.6187 | val_mse=1.3478 | ci=0.6848 | r=0.5283 | lr=5.96e-05 | 112.4s
Ep  15/30 | loss=1.5636 | val_mse=1.3537 | ci=0.6868 | r=0.5381 | lr=5.41e-05 | 112.5s
Ep  16/30 | loss=1.5662 | val_mse=1.3165 | ci=0.6884 | r=0.5435 | lr=4.86e-05 | 112.4s
Ep  17/30 | loss=1.5464 | val_mse=1.2832 | ci=0.6914 | r=0.5507 | lr=4.31e-05 | 112.3s
Ep  18/30 | loss=1.5075 | val_mse=1.2773 | ci=0.6954 | r=0.5612 | lr=3.77e-05 | 112.3s
Ep  19/30 | loss=1.4902 | val_mse=1.2947 | ci=0.6953 | r=0.5607 | lr=3.25e-05 | 112.4s
Ep  20/30 | loss=1.4758 | val_mse=1.3190 | ci=0.6971 | r=0.5674 | lr=2.74e-05 | 112.3s
Ep  21/30 | loss=1.4685 | val_mse=1.3575 | ci=0.6986 | r=0.5722 | lr=2.27e-05 | 112.4s
Ep  22/30 | loss=1.4397 | val_mse=1.2361 | ci=0.6988 | r=0.5732 | lr=1.82e-05 | 112.4s
Ep  23/30 | loss=1.4487 | val_mse=1.2585 | ci=0.7004 | r=0.5773 | lr=1.42e-05 | 112.3s
Ep  24/30 | loss=1.4247 | val_mse=1.2584 | ci=0.7016 | r=0.5807 | lr=1.05e-05 | 112.5s
Ep  25/30 | loss=1.4102 | val_mse=1.2897 | ci=0.7016 | r=0.5808 | lr=7.40e-06 | 112.3s
Ep  26/30 | loss=1.3977 | val_mse=1.2506 | ci=0.7022 | r=0.5819 | lr=4.78e-06 | 112.4s
Ep  27/30 | loss=1.4061 | val_mse=1.2562 | ci=0.7021 | r=0.5815 | lr=2.71e-06 | 112.3s
Ep  28/30 | loss=1.3932 | val_mse=1.2395 | ci=0.7027 | r=0.5830 | lr=1.21e-06 | 112.4s
Ep  29/30 | loss=1.4093 | val_mse=1.2502 | ci=0.7027 | r=0.5830 | lr=3.03e-07 | 112.3s
Ep  30/30 | loss=1.4154 | val_mse=1.2445 | ci=0.7027 | r=0.5831 | lr=0.00e+00 | 112.4s
  [Trainer] Epoch log saved → outputs/sweeps/late_crossattn/l4/logs/late_crossattn_history.csv

[train.py] Done. Results → outputs/sweeps/late_crossattn/l4/results/results.csv
==================== DONE ====================
Results:  outputs/sweeps/late_crossattn/l4/
