==================== ENV ====================
/scratch/tt3124/ComparisionPDI/.venv/bin/python
Python 3.9.18
torch: 2.2.0+cu121
cuda: True
gpu: NVIDIA L4
==================== RUN ====================
Tag:      seed123
Variant:  late_crossattn
Args:     --seed 123
=============================================
[seeds] Seed set to 123
[BindingDBKiDataset] Loading dataset/BindingDB/BindingDB_PDSPKi.tsv …
[BindingDBKiDataset] 27715 raw rows → 21382 valid rows (6333 dropped)
[train.py] Split 'random': train=17,105 | val=2,138 | test=2,139
[train.py] LateCrossAttnDTI: 1,432,065 trainable parameters

────────────────────────────────────────────────────────────
  Variant : late_crossattn
  Device  : cuda  (1 GPU(s) active)
  Split   : random  |  Seed: 123
  Params  : 1,432,065
────────────────────────────────────────────────────────────
Ep   1/30 | loss=24.8052 | val_mse=1.6792 | ci=0.5632 | r=0.1843 | lr=6.67e-05 | 167.0s
Ep   2/30 | loss=2.1433 | val_mse=1.7927 | ci=0.5870 | r=0.2734 | lr=9.99e-05 | 162.8s
Ep   3/30 | loss=2.0172 | val_mse=1.6254 | ci=0.5952 | r=0.3031 | lr=9.93e-05 | 162.8s
Ep   4/30 | loss=1.9478 | val_mse=1.6083 | ci=0.6054 | r=0.3329 | lr=9.81e-05 | 162.8s
Ep   5/30 | loss=1.8731 | val_mse=1.5065 | ci=0.6159 | r=0.3631 | lr=9.63e-05 | 162.8s
Ep   6/30 | loss=1.8626 | val_mse=1.5313 | ci=0.6288 | r=0.3948 | lr=9.40e-05 | 162.8s
Ep   7/30 | loss=1.8038 | val_mse=1.6886 | ci=0.6410 | r=0.4248 | lr=9.11e-05 | 162.8s
Ep   8/30 | loss=1.7409 | val_mse=1.4419 | ci=0.6464 | r=0.4366 | lr=8.77e-05 | 162.8s
Ep   9/30 | loss=1.7189 | val_mse=1.4521 | ci=0.6521 | r=0.4550 | lr=8.39e-05 | 162.8s
Ep  10/30 | loss=1.6574 | val_mse=1.4287 | ci=0.6521 | r=0.4567 | lr=7.96e-05 | 162.8s
Ep  11/30 | loss=1.6369 | val_mse=1.3552 | ci=0.6588 | r=0.4749 | lr=7.50e-05 | 162.8s
Ep  12/30 | loss=1.6035 | val_mse=1.4485 | ci=0.6588 | r=0.4709 | lr=7.01e-05 | 162.9s
Ep  13/30 | loss=1.5861 | val_mse=1.3560 | ci=0.6602 | r=0.4816 | lr=6.49e-05 | 162.8s
Ep  14/30 | loss=1.5841 | val_mse=1.3482 | ci=0.6674 | r=0.4915 | lr=5.96e-05 | 162.8s
Ep  15/30 | loss=1.5303 | val_mse=1.3093 | ci=0.6714 | r=0.5054 | lr=5.41e-05 | 162.8s
Ep  16/30 | loss=1.5140 | val_mse=1.5046 | ci=0.6730 | r=0.5093 | lr=4.86e-05 | 162.8s
Ep  17/30 | loss=1.4770 | val_mse=1.2940 | ci=0.6783 | r=0.5223 | lr=4.31e-05 | 162.8s
Ep  18/30 | loss=1.4453 | val_mse=1.3433 | ci=0.6752 | r=0.5107 | lr=3.77e-05 | 162.8s
Ep  19/30 | loss=1.4391 | val_mse=1.2750 | ci=0.6823 | r=0.5309 | lr=3.25e-05 | 162.8s
Ep  20/30 | loss=1.4040 | val_mse=1.2813 | ci=0.6838 | r=0.5323 | lr=2.74e-05 | 162.8s
Ep  21/30 | loss=1.4122 | val_mse=1.2537 | ci=0.6880 | r=0.5443 | lr=2.27e-05 | 162.9s
Ep  22/30 | loss=1.3652 | val_mse=1.2222 | ci=0.6923 | r=0.5543 | lr=1.82e-05 | 162.8s
Ep  23/30 | loss=1.3569 | val_mse=1.2532 | ci=0.6913 | r=0.5521 | lr=1.42e-05 | 162.8s
Ep  24/30 | loss=1.3667 | val_mse=1.2619 | ci=0.6897 | r=0.5469 | lr=1.05e-05 | 162.8s
Ep  25/30 | loss=1.3386 | val_mse=1.2386 | ci=0.6927 | r=0.5557 | lr=7.40e-06 | 162.8s
Ep  26/30 | loss=1.3586 | val_mse=1.2687 | ci=0.6914 | r=0.5520 | lr=4.78e-06 | 162.8s
Ep  27/30 | loss=1.3275 | val_mse=1.2511 | ci=0.6922 | r=0.5542 | lr=2.71e-06 | 162.8s
Ep  28/30 | loss=1.3297 | val_mse=1.2608 | ci=0.6919 | r=0.5530 | lr=1.21e-06 | 162.8s
Ep  29/30 | loss=1.3381 | val_mse=1.2616 | ci=0.6919 | r=0.5531 | lr=3.03e-07 | 162.8s
Ep  30/30 | loss=1.3278 | val_mse=1.2592 | ci=0.6920 | r=0.5533 | lr=0.00e+00 | 162.8s
  [Trainer] Epoch log saved → outputs/sweeps/late_crossattn/seed123/logs/late_crossattn_history.csv

[train.py] Done. Results → outputs/sweeps/late_crossattn/seed123/results/results.csv
==================== DONE ====================
Results:  outputs/sweeps/late_crossattn/seed123/
