==================== ENV ====================
/scratch/tt3124/ComparisionPDI/.venv/bin/python
Python 3.9.18
torch: 2.2.0+cu121
cuda: True
gpu: NVIDIA L4
==================== RUN ====================
Tag:      l8
Variant:  late_crossattn
Args:     --n_layers 8
=============================================
[seeds] Seed set to 42
[BindingDBKiDataset] Loading dataset/BindingDB/BindingDB_PDSPKi.tsv …
[BindingDBKiDataset] 27715 raw rows → 21382 valid rows (6333 dropped)
[train.py] Split 'random': train=17,105 | val=2,138 | test=2,139
[train.py] LateCrossAttnDTI: 1,828,609 trainable parameters

────────────────────────────────────────────────────────────
  Variant : late_crossattn
  Device  : cuda  (1 GPU(s) active)
  Split   : random  |  Seed: 42
  Params  : 1,828,609
────────────────────────────────────────────────────────────
Ep   1/30 | loss=20.4066 | val_mse=1.8484 | ci=0.5875 | r=0.2645 | lr=6.67e-05 | 220.3s
Ep   2/30 | loss=2.1237 | val_mse=1.6415 | ci=0.6014 | r=0.3141 | lr=9.99e-05 | 212.2s
Ep   3/30 | loss=2.0535 | val_mse=1.9003 | ci=0.6147 | r=0.3508 | lr=9.93e-05 | 212.2s
Ep   4/30 | loss=1.9676 | val_mse=1.6956 | ci=0.6315 | r=0.3796 | lr=9.81e-05 | 212.1s
Ep   5/30 | loss=1.9054 | val_mse=1.7113 | ci=0.6407 | r=0.4105 | lr=9.63e-05 | 212.1s
Ep   6/30 | loss=1.8631 | val_mse=1.5375 | ci=0.6465 | r=0.4231 | lr=9.40e-05 | 212.2s
Ep   7/30 | loss=1.7962 | val_mse=1.4522 | ci=0.6556 | r=0.4481 | lr=9.11e-05 | 212.1s
Ep   8/30 | loss=1.8062 | val_mse=1.4246 | ci=0.6657 | r=0.4747 | lr=8.77e-05 | 212.1s
Ep   9/30 | loss=1.7500 | val_mse=1.5328 | ci=0.6671 | r=0.4836 | lr=8.39e-05 | 212.2s
Ep  10/30 | loss=1.6907 | val_mse=1.3674 | ci=0.6730 | r=0.5020 | lr=7.96e-05 | 212.2s
Ep  11/30 | loss=1.6832 | val_mse=1.3701 | ci=0.6711 | r=0.4959 | lr=7.50e-05 | 212.2s
Ep  12/30 | loss=1.6539 | val_mse=1.4527 | ci=0.6734 | r=0.5011 | lr=7.01e-05 | 212.2s
Ep  13/30 | loss=1.6144 | val_mse=1.2947 | ci=0.6866 | r=0.5365 | lr=6.49e-05 | 212.1s
Ep  14/30 | loss=1.5724 | val_mse=1.3199 | ci=0.6859 | r=0.5367 | lr=5.96e-05 | 212.1s
Ep  15/30 | loss=1.5480 | val_mse=1.2924 | ci=0.6868 | r=0.5465 | lr=5.41e-05 | 212.1s
Ep  16/30 | loss=1.5097 | val_mse=1.2811 | ci=0.6954 | r=0.5619 | lr=4.86e-05 | 212.2s
Ep  17/30 | loss=1.4831 | val_mse=1.2304 | ci=0.7014 | r=0.5794 | lr=4.31e-05 | 212.2s
Ep  18/30 | loss=1.4643 | val_mse=1.2443 | ci=0.6961 | r=0.5657 | lr=3.77e-05 | 212.3s
Ep  19/30 | loss=1.4235 | val_mse=1.2912 | ci=0.6998 | r=0.5792 | lr=3.25e-05 | 212.2s
Ep  20/30 | loss=1.4246 | val_mse=1.2254 | ci=0.7063 | r=0.5927 | lr=2.74e-05 | 212.2s
Ep  21/30 | loss=1.3681 | val_mse=1.1957 | ci=0.7077 | r=0.5954 | lr=2.27e-05 | 212.2s
Ep  22/30 | loss=1.3609 | val_mse=1.2228 | ci=0.7038 | r=0.5876 | lr=1.82e-05 | 212.1s
Ep  23/30 | loss=1.3641 | val_mse=1.2495 | ci=0.7085 | r=0.6001 | lr=1.42e-05 | 212.2s
Ep  24/30 | loss=1.3520 | val_mse=1.1899 | ci=0.7125 | r=0.6100 | lr=1.05e-05 | 212.1s
Ep  25/30 | loss=1.3438 | val_mse=1.2030 | ci=0.7115 | r=0.6062 | lr=7.40e-06 | 212.2s
Ep  26/30 | loss=1.3326 | val_mse=1.1799 | ci=0.7117 | r=0.6077 | lr=4.78e-06 | 212.1s
Ep  27/30 | loss=1.3131 | val_mse=1.1993 | ci=0.7118 | r=0.6082 | lr=2.71e-06 | 212.2s
Ep  28/30 | loss=1.3188 | val_mse=1.2063 | ci=0.7117 | r=0.6079 | lr=1.21e-06 | 212.2s
Ep  29/30 | loss=1.3081 | val_mse=1.1929 | ci=0.7119 | r=0.6085 | lr=3.03e-07 | 212.1s
Ep  30/30 | loss=1.3191 | val_mse=1.1917 | ci=0.7119 | r=0.6083 | lr=0.00e+00 | 212.1s
  [Trainer] Epoch log saved → outputs/sweeps/late_crossattn/l8/logs/late_crossattn_history.csv

[train.py] Done. Results → outputs/sweeps/late_crossattn/l8/results/results.csv
==================== DONE ====================
Results:  outputs/sweeps/late_crossattn/l8/
